// Vitest Snapshot v1, https://vitest.dev/guide/snapshot.html

exports[`autoImportDocuments > Returns all available document contents. 1`] = `[]`;
