// Vitest Snapshot v1, https://vitest.dev/guide/snapshot.html

exports[`inlineFragments > Inlines fragments 1`] = `
"
    #import \\"~/pages/user/user.fragment.graphql\\"

    query userById($id: ID!) {
      userById(id: $id) {
        ...user
      }
    }
    "
`;
